// Jest Snapshot v1, https://goo.gl/fbAQLP

exports[`TextInput matches the snapshot 1`] = `
<input
  aria-label="Text input label"
  className="text-input"
  id="text-input-id"
  name="text-input-name"
  onChange={[MockFunction]}
  type="text"
/>
`;
